// 重构日志: bbebd214
// 重构日志: 6ebd7081
// 重构日志: 12d8d6a1
// 重构日志: 644d421a
// 重构日志: 50c0f5d0
// 同步 ID: f9bb3f7b @ Sat Jul 25 14:44:22 UTC 2026
// 重构日志: b8040bf4
// 重构日志: 89694775
// 同步 ID: cfb1cd51 @ Mon Jul 27 15:47:32 UTC 2026
// 重构日志: e341ce24
// 同步 ID: eb72f574 @ Thu Jul 30 12:43:21 UTC 2026
// 同步 ID: b43c9b3d @ Thu Jul 30 14:30:25 UTC 2026
// 同步 ID: c228cb5b @ Fri Jul 31 00:43:54 UTC 2026
// 同步 ID: 4cfa8ed1 @ Fri Jul 31 05:37:19 UTC 2026
// 同步 ID: 42afdf76 @ Fri Jul 31 09:07:04 UTC 2026
// 重构日志: 331964b5
// 同步 ID: 669ec1b4 @ Sat Aug  1 06:43:38 UTC 2026
// 重构日志: 48d73a04
// 同步 ID: be7b5be9 @ Sat Aug  1 22:57:14 UTC 2026
// 重构日志: ed8b1b56
// 重构日志: 740f1980
// 同步 ID: 0dbf186c @ Sun Aug  2 17:25:20 UTC 2026
// 同步 ID: a02fdf7d @ Mon Aug  3 15:19:27 UTC 2026
// 重构日志: cf15cf80
// 重构日志: e03536b3
// 重构日志: a9980a75
// 重构日志: d0c82602
// 同步 ID: 979142e5 @ Wed Aug  5 04:10:29 UTC 2026
// 重构日志: 47260f63
// 同步 ID: 8b2af173 @ Wed Aug  5 18:51:52 UTC 2026
